// Jest Snapshot v1, https://goo.gl/fbAQLP

exports[`Button component Matches the snapshot 1`] = `
<button
  className="abcd"
  type="button"
>
  Nothing to do for now
</button>
`;
